// Jest Snapshot v1, https://goo.gl/fbAQLP

exports[`ContextMenu Should remove null Item from menu 1`] = `
<ContextMenu
  animation={null}
  className={null}
  id="foo"
  style={Object {}}
  theme={null}
>
  <div
    className="react-contexify"
    onMouseEnter={[Function]}
    onMouseLeave={[Function]}
    style={
      Object {
        "left": 0,
        "opacity": 1,
        "top": 1,
      }
    }
  >
    <div>
      <Item
        className={null}
        data={null}
        dataFromProvider={null}
        disabled={false}
        key=".$.0"
        nativeEvent={null}
        onClick={[Function]}
        refsFromProvider={null}
        style={Object {}}
      >
        <div
          className="react-contexify__item"
          onClick={[Function]}
          role="presentation"
          style={Object {}}
        >
          <div
            className="react-contexify__item__data"
          >
            bar
          </div>
        </div>
      </Item>
    </div>
  </div>
</ContextMenu>
`;
